lib/pipeline/stage4-aggregation.ts(51,55): error TS2869: Right operand of ?? is unreachable because the left operand is never nullish.
lib/pipeline/stage4-aggregation.ts(52,51): error TS2869: Right operand of ?? is unreachable because the left operand is never nullish.
